Collecting numpy==2.5.0 (from -r /Users/adi/Desktop/Projects/Using v3.3 New projects/New Dsp/source/requirements.lock (line 3))
  Using cached numpy-2.5.0-cp312-cp312-macosx_14_0_arm64.whl.metadata (6.6 kB)
Collecting scipy==1.18.0 (from -r /Users/adi/Desktop/Projects/Using v3.3 New projects/New Dsp/source/requirements.lock (line 4))
  Using cached scipy-1.18.0-cp312-cp312-macosx_14_0_arm64.whl.metadata (62 kB)
Collecting pytest==9.1.1 (from -r source/requirements-test.lock (line 2))
  Using cached pytest-9.1.1-py3-none-any.whl.metadata (7.6 kB)
Collecting scikit-learn==1.9.0 (from -r source/requirements-test.lock (line 3))
  Using cached scikit_learn-1.9.0-cp312-cp312-macosx_12_0_arm64.whl.metadata (11 kB)
Collecting joblib==1.5.3 (from -r source/requirements-test.lock (line 4))
  Using cached joblib-1.5.3-py3-none-any.whl.metadata (5.5 kB)
Collecting threadpoolctl==3.6.0 (from -r source/requirements-test.lock (line 5))
  Using cached threadpoolctl-3.6.0-py3-none-any.whl.metadata (13 kB)
Collecting iniconfig==2.3.0 (from -r source/requirements-test.lock (line 6))
  Using cached iniconfig-2.3.0-py3-none-any.whl.metadata (2.5 kB)
Collecting packaging==26.2 (from -r source/requirements-test.lock (line 7))
  Using cached packaging-26.2-py3-none-any.whl.metadata (3.5 kB)
Collecting pluggy==1.6.0 (from -r source/requirements-test.lock (line 8))
  Using cached pluggy-1.6.0-py3-none-any.whl.metadata (4.8 kB)
Collecting pygments==2.20.0 (from -r source/requirements-test.lock (line 9))
  Using cached pygments-2.20.0-py3-none-any.whl.metadata (2.5 kB)
Collecting narwhals>=2.0.1 (from scikit-learn==1.9.0->-r source/requirements-test.lock (line 3))
  Downloading narwhals-2.26.0-py3-none-any.whl.metadata (15 kB)
Using cached numpy-2.5.0-cp312-cp312-macosx_14_0_arm64.whl (5.3 MB)
Using cached scipy-1.18.0-cp312-cp312-macosx_14_0_arm64.whl (20.4 MB)
Using cached pytest-9.1.1-py3-none-any.whl (386 kB)
Using cached scikit_learn-1.9.0-cp312-cp312-macosx_12_0_arm64.whl (8.3 MB)
Using cached joblib-1.5.3-py3-none-any.whl (309 kB)
Using cached threadpoolctl-3.6.0-py3-none-any.whl (18 kB)
Using cached iniconfig-2.3.0-py3-none-any.whl (7.5 kB)
Using cached packaging-26.2-py3-none-any.whl (100 kB)
Using cached pluggy-1.6.0-py3-none-any.whl (20 kB)
Using cached pygments-2.20.0-py3-none-any.whl (1.2 MB)
Downloading narwhals-2.26.0-py3-none-any.whl (474 kB)
Installing collected packages: threadpoolctl, pygments, pluggy, packaging, numpy, narwhals, joblib, iniconfig, scipy, pytest, scikit-learn
Successfully installed iniconfig-2.3.0 joblib-1.5.3 narwhals-2.26.0 numpy-2.5.0 packaging-26.2 pluggy-1.6.0 pygments-2.20.0 pytest-9.1.1 scikit-learn-1.9.0 scipy-1.18.0 threadpoolctl-3.6.0

[notice] A new release of pip is available: 24.3.1 -> 26.2.1
[notice] To update, run: /private/tmp/flowgate-research-reaudit-20261001/bin/python -m pip install --upgrade pip
