1/155 binance:spot:BNBUSDT:2024-01-01 PASS rows=261880
2/155 binance:spot:BNBUSDT:2024-01-02 PASS rows=344903
3/155 binance:spot:BNBUSDT:2024-01-04 PASS rows=418424
4/155 binance:spot:BNBUSDT:2024-01-03 PASS rows=799701
5/155 binance:spot:BNBUSDT:2024-01-05 PASS rows=388664
6/155 binance:spot:BNBUSDT:2024-01-07 PASS rows=206206
7/155 binance:spot:BNBUSDT:2024-01-06 PASS rows=329261
8/155 binance:spot:BNBUSDT:2024-01-08 PASS rows=351442
9/155 binance:spot:BNBUSDT:2024-01-09 PASS rows=423666
10/155 binance:spot:BNBUSDT:2024-01-10 PASS rows=366664
11/155 binance:spot:BNBUSDT:2024-01-11 PASS rows=410105
12/155 binance:spot:BNBUSDT:2024-01-13 PASS rows=186167
13/155 binance:spot:BNBUSDT:2024-01-12 PASS rows=353574
14/155 binance:spot:BNBUSDT:2024-01-14 PASS rows=193008
15/155 binance:spot:BNBUSDT:2024-01-16 PASS rows=285324
16/155 binance:spot:BNBUSDT:2024-01-15 PASS rows=507633
17/155 binance:spot:BNBUSDT:2024-01-17 PASS rows=303286
18/155 binance:spot:BNBUSDT:2024-01-18 PASS rows=300608
19/155 binance:spot:BNBUSDT:2024-01-20 PASS rows=139000
20/155 binance:spot:BNBUSDT:2024-01-19 PASS rows=262620
21/155 binance:spot:BNBUSDT:2024-01-21 PASS rows=142612
22/155 binance:spot:BNBUSDT:2024-01-22 PASS rows=239986
23/155 binance:spot:BNBUSDT:2024-01-23 PASS rows=301539
24/155 binance:spot:BNBUSDT:2024-01-24 PASS rows=228147
25/155 binance:spot:BNBUSDT:2024-01-26 PASS rows=214719
26/155 binance:spot:BNBUSDT:2024-01-25 PASS rows=277782
27/155 binance:spot:BNBUSDT:2024-01-27 PASS rows=124410
28/155 binance:spot:BNBUSDT:2024-01-28 PASS rows=146852
29/155 binance:spot:BNBUSDT:2024-01-29 PASS rows=168366
30/155 binance:spot:BNBUSDT:2024-01-30 PASS rows=153482
31/155 binance:spot:BNBUSDT:2024-01-31 PASS rows=181983
32/155 binance:spot:BTCUSDT:2024-01-01 PASS rows=1114623
33/155 binance:spot:BTCUSDT:2024-01-02 PASS rows=2247532
34/155 binance:spot:BTCUSDT:2024-01-03 PASS rows=2658041
35/155 binance:spot:BTCUSDT:2024-01-04 PASS rows=1819944
36/155 binance:spot:BTCUSDT:2024-01-06 PASS rows=956642
37/155 binance:spot:BTCUSDT:2024-01-05 PASS rows=2064845
38/155 binance:spot:BTCUSDT:2024-01-07 PASS rows=1109259
39/155 binance:spot:BTCUSDT:2024-01-08 PASS rows=2364464
40/155 binance:spot:BTCUSDT:2024-01-09 PASS rows=2637745
41/155 binance:spot:BTCUSDT:2024-01-10 PASS rows=3133588
42/155 binance:spot:BTCUSDT:2024-01-11 PASS rows=2998451
43/155 binance:spot:BTCUSDT:2024-01-13 PASS rows=1434243
44/155 binance:spot:BTCUSDT:2024-01-12 PASS rows=2809192
45/155 binance:spot:BTCUSDT:2024-01-14 PASS rows=1235727
46/155 binance:spot:BTCUSDT:2024-01-15 PASS rows=1657611
47/155 binance:spot:BTCUSDT:2024-01-16 PASS rows=1716580
48/155 binance:spot:BTCUSDT:2024-01-17 PASS rows=1438172
49/155 binance:spot:BTCUSDT:2024-01-18 PASS rows=1466087
50/155 binance:spot:BTCUSDT:2024-01-20 PASS rows=807324
51/155 binance:spot:BTCUSDT:2024-01-19 PASS rows=1641428
52/155 binance:spot:BTCUSDT:2024-01-21 PASS rows=657817
53/155 binance:spot:BTCUSDT:2024-01-22 PASS rows=2147250
54/155 binance:spot:BTCUSDT:2024-01-23 PASS rows=2043925
55/155 binance:spot:BTCUSDT:2024-01-25 PASS rows=1291233
56/155 binance:spot:BTCUSDT:2024-01-24 PASS rows=1675615
57/155 binance:spot:BTCUSDT:2024-01-27 PASS rows=751148
58/155 binance:spot:BTCUSDT:2024-01-26 PASS rows=1624861
59/155 binance:spot:BTCUSDT:2024-01-28 PASS rows=1032493
60/155 binance:spot:BTCUSDT:2024-01-29 PASS rows=1197856
61/155 binance:spot:BTCUSDT:2024-01-30 PASS rows=1316610
62/155 binance:spot:ETHUSDT:2024-01-01 PASS rows=536670
63/155 binance:spot:BTCUSDT:2024-01-31 PASS rows=1499559
64/155 binance:spot:ETHUSDT:2024-01-02 PASS rows=1028335
65/155 binance:spot:ETHUSDT:2024-01-03 PASS rows=1351067
66/155 binance:spot:ETHUSDT:2024-01-04 PASS rows=780771
67/155 binance:spot:ETHUSDT:2024-01-06 PASS rows=450441
68/155 binance:spot:ETHUSDT:2024-01-05 PASS rows=758963
69/155 binance:spot:ETHUSDT:2024-01-07 PASS rows=516569
70/155 binance:spot:ETHUSDT:2024-01-08 PASS rows=1069027
71/155 binance:spot:ETHUSDT:2024-01-09 PASS rows=1196445
72/155 binance:spot:ETHUSDT:2024-01-10 PASS rows=2010707
73/155 binance:spot:ETHUSDT:2024-01-11 PASS rows=1693755
74/155 binance:spot:ETHUSDT:2024-01-13 PASS rows=898845
75/155 binance:spot:ETHUSDT:2024-01-14 PASS rows=732294
76/155 binance:spot:ETHUSDT:2024-01-12 PASS rows=1860636
77/155 binance:spot:ETHUSDT:2024-01-15 PASS rows=789378
78/155 binance:spot:ETHUSDT:2024-01-16 PASS rows=1140088
79/155 binance:spot:ETHUSDT:2024-01-17 PASS rows=1140624
80/155 binance:spot:ETHUSDT:2024-01-18 PASS rows=894355
81/155 binance:spot:ETHUSDT:2024-01-20 PASS rows=418938
82/155 binance:spot:ETHUSDT:2024-01-19 PASS rows=855044
83/155 binance:spot:ETHUSDT:2024-01-21 PASS rows=360446
84/155 binance:spot:ETHUSDT:2024-01-22 PASS rows=933793
85/155 binance:spot:ETHUSDT:2024-01-23 PASS rows=1204183
86/155 binance:spot:ETHUSDT:2024-01-24 PASS rows=801012
87/155 binance:spot:ETHUSDT:2024-01-25 PASS rows=756164
88/155 binance:spot:ETHUSDT:2024-01-27 PASS rows=416970
89/155 binance:spot:ETHUSDT:2024-01-26 PASS rows=823603
90/155 binance:spot:ETHUSDT:2024-01-28 PASS rows=566626
91/155 binance:spot:ETHUSDT:2024-01-29 PASS rows=681798
92/155 binance:spot:ETHUSDT:2024-01-30 PASS rows=770660
93/155 binance:spot:ETHUSDT:2024-01-31 PASS rows=922884
94/155 binance:spot:SOLUSDT:2024-01-01 PASS rows=563530
95/155 binance:spot:SOLUSDT:2024-01-02 PASS rows=1029366
96/155 binance:spot:SOLUSDT:2024-01-03 PASS rows=1428502
97/155 binance:spot:SOLUSDT:2024-01-04 PASS rows=828177
98/155 binance:spot:SOLUSDT:2024-01-05 PASS rows=792668
99/155 binance:spot:SOLUSDT:2024-01-06 PASS rows=613981
100/155 binance:spot:SOLUSDT:2024-01-07 PASS rows=610413
101/155 binance:spot:SOLUSDT:2024-01-08 PASS rows=1011344
102/155 binance:spot:SOLUSDT:2024-01-09 PASS rows=1264291
103/155 binance:spot:SOLUSDT:2024-01-10 PASS rows=1171099
104/155 binance:spot:SOLUSDT:2024-01-11 PASS rows=1293558
105/155 binance:spot:SOLUSDT:2024-01-12 PASS rows=875300
106/155 binance:spot:SOLUSDT:2024-01-13 PASS rows=483031
107/155 binance:spot:SOLUSDT:2024-01-14 PASS rows=756466
108/155 binance:spot:SOLUSDT:2024-01-15 PASS rows=434916
109/155 binance:spot:SOLUSDT:2024-01-16 PASS rows=443725
110/155 binance:spot:SOLUSDT:2024-01-17 PASS rows=890899
111/155 binance:spot:SOLUSDT:2024-01-18 PASS rows=714584
112/155 binance:spot:SOLUSDT:2024-01-20 PASS rows=301796
113/155 binance:spot:SOLUSDT:2024-01-19 PASS rows=684705
114/155 binance:spot:SOLUSDT:2024-01-21 PASS rows=229723
115/155 binance:spot:SOLUSDT:2024-01-22 PASS rows=708563
116/155 binance:spot:SOLUSDT:2024-01-23 PASS rows=830273
117/155 binance:spot:SOLUSDT:2024-01-24 PASS rows=591745
118/155 binance:spot:SOLUSDT:2024-01-25 PASS rows=475624
119/155 binance:spot:SOLUSDT:2024-01-27 PASS rows=302341
120/155 binance:spot:SOLUSDT:2024-01-26 PASS rows=560673
121/155 binance:spot:SOLUSDT:2024-01-28 PASS rows=648842
122/155 binance:spot:SOLUSDT:2024-01-29 PASS rows=634094
123/155 binance:spot:SOLUSDT:2024-01-30 PASS rows=743499
124/155 binance:spot:XRPUSDT:2024-01-01 PASS rows=117055
125/155 binance:spot:SOLUSDT:2024-01-31 PASS rows=914548
126/155 binance:spot:XRPUSDT:2024-01-02 PASS rows=225913
127/155 binance:spot:XRPUSDT:2024-01-04 PASS rows=242875
128/155 binance:spot:XRPUSDT:2024-01-05 PASS rows=245647
129/155 binance:spot:XRPUSDT:2024-01-06 PASS rows=153251
130/155 binance:spot:XRPUSDT:2024-01-03 PASS rows=736079
131/155 binance:spot:XRPUSDT:2024-01-07 PASS rows=214162
132/155 binance:spot:XRPUSDT:2024-01-08 PASS rows=376161
133/155 binance:spot:XRPUSDT:2024-01-09 PASS rows=326240
134/155 binance:spot:XRPUSDT:2024-01-10 PASS rows=429011
135/155 binance:spot:XRPUSDT:2024-01-11 PASS rows=400838
136/155 binance:spot:XRPUSDT:2024-01-13 PASS rows=118002
137/155 binance:spot:XRPUSDT:2024-01-12 PASS rows=336564
138/155 binance:spot:XRPUSDT:2024-01-14 PASS rows=162384
139/155 binance:spot:XRPUSDT:2024-01-15 PASS rows=177076
140/155 binance:spot:XRPUSDT:2024-01-16 PASS rows=152058
141/155 binance:spot:XRPUSDT:2024-01-17 PASS rows=131484
142/155 binance:spot:XRPUSDT:2024-01-18 PASS rows=161110
143/155 binance:spot:XRPUSDT:2024-01-20 PASS rows=102320
144/155 binance:spot:XRPUSDT:2024-01-19 PASS rows=216243
145/155 binance:spot:XRPUSDT:2024-01-21 PASS rows=76745
146/155 binance:spot:XRPUSDT:2024-01-22 PASS rows=201355
147/155 binance:spot:XRPUSDT:2024-01-23 PASS rows=267650
148/155 binance:spot:XRPUSDT:2024-01-24 PASS rows=133816
149/155 binance:spot:XRPUSDT:2024-01-25 PASS rows=140119
150/155 binance:spot:XRPUSDT:2024-01-26 PASS rows=159917
151/155 binance:spot:XRPUSDT:2024-01-27 PASS rows=71686
152/155 binance:spot:XRPUSDT:2024-01-28 PASS rows=84061
153/155 binance:spot:XRPUSDT:2024-01-29 PASS rows=149835
154/155 binance:spot:XRPUSDT:2024-01-30 PASS rows=286534
155/155 binance:spot:XRPUSDT:2024-01-31 PASS rows=259626
{
  "scope": "Full raw CSV semantic validation and ID/order counts; no natural anomaly labels, no efficacy claim",
  "started_at_utc": "2026-10-01T01:03:07.986649+00:00",
  "expected_sources": 155,
  "completed_sources": 155,
  "parser_sha256": "e564d456e843155c7bb5251a6d5c36aa08bbac753b86cac9748921d37ceb1886",
  "status": "PASS",
  "finished_at_utc": "2026-10-01T01:05:59.341390+00:00",
  "rows": 119611063,
  "id_gap_slots": 0,
  "equal_timestamp_price_distinct_trades": 45780502
}
