verified existing BNBUSDT-trades-2024-01-01.zip
verified existing BNBUSDT-trades-2024-01-02.zip
verified existing BNBUSDT-trades-2024-01-03.zip
verified existing BNBUSDT-trades-2024-01-04.zip
verified existing BNBUSDT-trades-2024-01-05.zip
verified existing BNBUSDT-trades-2024-01-06.zip
verified existing BNBUSDT-trades-2024-01-07.zip
verified existing BNBUSDT-trades-2024-01-08.zip
verified existing BNBUSDT-trades-2024-01-09.zip
verified existing BNBUSDT-trades-2024-01-10.zip
verified existing BNBUSDT-trades-2024-01-11.zip
verified existing BNBUSDT-trades-2024-01-12.zip
verified existing BNBUSDT-trades-2024-01-13.zip
verified existing BNBUSDT-trades-2024-01-14.zip
verified existing BNBUSDT-trades-2024-01-15.zip
verified existing BNBUSDT-trades-2024-01-16.zip
verified existing BNBUSDT-trades-2024-01-17.zip
verified existing BNBUSDT-trades-2024-01-18.zip
verified existing BNBUSDT-trades-2024-01-19.zip
verified existing BNBUSDT-trades-2024-01-20.zip
verified existing BNBUSDT-trades-2024-01-21.zip
verified existing BNBUSDT-trades-2024-01-22.zip
verified existing BNBUSDT-trades-2024-01-23.zip
verified existing BNBUSDT-trades-2024-01-24.zip
verified existing BNBUSDT-trades-2024-01-25.zip
verified existing BNBUSDT-trades-2024-01-26.zip
verified existing BNBUSDT-trades-2024-01-27.zip
verified existing BNBUSDT-trades-2024-01-28.zip
verified existing BNBUSDT-trades-2024-01-29.zip
verified existing BNBUSDT-trades-2024-01-30.zip
verified existing BNBUSDT-trades-2024-01-31.zip
verified existing BTCUSDT-trades-2024-01-01.zip
verified existing BTCUSDT-trades-2024-01-02.zip
verified existing BTCUSDT-trades-2024-01-03.zip
verified existing BTCUSDT-trades-2024-01-04.zip
verified existing BTCUSDT-trades-2024-01-05.zip
verified existing BTCUSDT-trades-2024-01-06.zip
verified existing BTCUSDT-trades-2024-01-07.zip
verified existing BTCUSDT-trades-2024-01-08.zip
verified existing BTCUSDT-trades-2024-01-09.zip
verified existing BTCUSDT-trades-2024-01-10.zip
verified existing BTCUSDT-trades-2024-01-11.zip
verified existing BTCUSDT-trades-2024-01-12.zip
verified existing BTCUSDT-trades-2024-01-13.zip
verified existing BTCUSDT-trades-2024-01-14.zip
verified existing BTCUSDT-trades-2024-01-15.zip
verified existing BTCUSDT-trades-2024-01-16.zip
verified existing BTCUSDT-trades-2024-01-17.zip
verified existing BTCUSDT-trades-2024-01-18.zip
verified existing BTCUSDT-trades-2024-01-19.zip
verified existing BTCUSDT-trades-2024-01-20.zip
verified existing BTCUSDT-trades-2024-01-21.zip
verified existing BTCUSDT-trades-2024-01-22.zip
verified existing BTCUSDT-trades-2024-01-23.zip
verified existing BTCUSDT-trades-2024-01-24.zip
verified existing BTCUSDT-trades-2024-01-25.zip
verified existing BTCUSDT-trades-2024-01-26.zip
verified existing BTCUSDT-trades-2024-01-27.zip
verified existing BTCUSDT-trades-2024-01-28.zip
verified existing BTCUSDT-trades-2024-01-29.zip
verified existing BTCUSDT-trades-2024-01-30.zip
verified existing BTCUSDT-trades-2024-01-31.zip
verified existing ETHUSDT-trades-2024-01-01.zip
verified existing ETHUSDT-trades-2024-01-02.zip
verified existing ETHUSDT-trades-2024-01-03.zip
verified existing ETHUSDT-trades-2024-01-04.zip
verified existing ETHUSDT-trades-2024-01-05.zip
verified existing ETHUSDT-trades-2024-01-06.zip
verified existing ETHUSDT-trades-2024-01-07.zip
verified existing ETHUSDT-trades-2024-01-08.zip
verified existing ETHUSDT-trades-2024-01-09.zip
verified existing ETHUSDT-trades-2024-01-10.zip
verified existing ETHUSDT-trades-2024-01-11.zip
verified existing ETHUSDT-trades-2024-01-12.zip
verified existing ETHUSDT-trades-2024-01-13.zip
verified existing ETHUSDT-trades-2024-01-14.zip
verified existing ETHUSDT-trades-2024-01-15.zip
verified existing ETHUSDT-trades-2024-01-16.zip
verified existing ETHUSDT-trades-2024-01-17.zip
verified existing ETHUSDT-trades-2024-01-18.zip
verified existing ETHUSDT-trades-2024-01-19.zip
verified existing ETHUSDT-trades-2024-01-20.zip
verified existing ETHUSDT-trades-2024-01-21.zip
verified existing ETHUSDT-trades-2024-01-22.zip
verified existing ETHUSDT-trades-2024-01-23.zip
verified existing ETHUSDT-trades-2024-01-24.zip
verified existing ETHUSDT-trades-2024-01-25.zip
verified existing ETHUSDT-trades-2024-01-26.zip
verified existing ETHUSDT-trades-2024-01-27.zip
verified existing ETHUSDT-trades-2024-01-28.zip
verified existing ETHUSDT-trades-2024-01-29.zip
verified existing ETHUSDT-trades-2024-01-30.zip
verified existing ETHUSDT-trades-2024-01-31.zip
verified existing SOLUSDT-trades-2024-01-01.zip
verified existing SOLUSDT-trades-2024-01-02.zip
verified existing SOLUSDT-trades-2024-01-03.zip
verified existing SOLUSDT-trades-2024-01-04.zip
verified existing SOLUSDT-trades-2024-01-05.zip
verified existing SOLUSDT-trades-2024-01-06.zip
verified existing SOLUSDT-trades-2024-01-07.zip
verified existing SOLUSDT-trades-2024-01-08.zip
verified existing SOLUSDT-trades-2024-01-09.zip
verified existing SOLUSDT-trades-2024-01-10.zip
verified existing SOLUSDT-trades-2024-01-11.zip
verified existing SOLUSDT-trades-2024-01-12.zip
verified existing SOLUSDT-trades-2024-01-13.zip
verified existing SOLUSDT-trades-2024-01-14.zip
verified existing SOLUSDT-trades-2024-01-15.zip
verified existing SOLUSDT-trades-2024-01-16.zip
verified existing SOLUSDT-trades-2024-01-17.zip
verified existing SOLUSDT-trades-2024-01-18.zip
verified existing SOLUSDT-trades-2024-01-19.zip
verified existing SOLUSDT-trades-2024-01-20.zip
verified existing SOLUSDT-trades-2024-01-21.zip
verified existing SOLUSDT-trades-2024-01-22.zip
verified existing SOLUSDT-trades-2024-01-23.zip
verified existing SOLUSDT-trades-2024-01-24.zip
verified existing SOLUSDT-trades-2024-01-25.zip
verified existing SOLUSDT-trades-2024-01-26.zip
verified existing SOLUSDT-trades-2024-01-27.zip
verified existing SOLUSDT-trades-2024-01-28.zip
verified existing SOLUSDT-trades-2024-01-29.zip
verified existing SOLUSDT-trades-2024-01-30.zip
verified existing SOLUSDT-trades-2024-01-31.zip
verified existing XRPUSDT-trades-2024-01-01.zip
verified existing XRPUSDT-trades-2024-01-02.zip
verified existing XRPUSDT-trades-2024-01-03.zip
verified existing XRPUSDT-trades-2024-01-04.zip
verified existing XRPUSDT-trades-2024-01-05.zip
verified existing XRPUSDT-trades-2024-01-06.zip
verified existing XRPUSDT-trades-2024-01-07.zip
verified existing XRPUSDT-trades-2024-01-08.zip
verified existing XRPUSDT-trades-2024-01-09.zip
verified existing XRPUSDT-trades-2024-01-10.zip
verified existing XRPUSDT-trades-2024-01-11.zip
verified existing XRPUSDT-trades-2024-01-12.zip
verified existing XRPUSDT-trades-2024-01-13.zip
verified existing XRPUSDT-trades-2024-01-14.zip
verified existing XRPUSDT-trades-2024-01-15.zip
verified existing XRPUSDT-trades-2024-01-16.zip
verified existing XRPUSDT-trades-2024-01-17.zip
verified existing XRPUSDT-trades-2024-01-18.zip
verified existing XRPUSDT-trades-2024-01-19.zip
verified existing XRPUSDT-trades-2024-01-20.zip
verified existing XRPUSDT-trades-2024-01-21.zip
verified existing XRPUSDT-trades-2024-01-22.zip
verified existing XRPUSDT-trades-2024-01-23.zip
verified existing XRPUSDT-trades-2024-01-24.zip
verified existing XRPUSDT-trades-2024-01-25.zip
verified existing XRPUSDT-trades-2024-01-26.zip
verified existing XRPUSDT-trades-2024-01-27.zip
verified existing XRPUSDT-trades-2024-01-28.zip
verified existing XRPUSDT-trades-2024-01-29.zip
verified existing XRPUSDT-trades-2024-01-30.zip
verified existing XRPUSDT-trades-2024-01-31.zip
